[+] spawned pid=7383
[+] script loaded, resuming
[*] {'ev': 'base', 'b': '0xe89940043000'}
[*] {'ev': 'hooked', 'fn': '__system_property_get'}
[*] {'ev': 'ready'}
[*] {'ev': 'afed8', 'id': 0}
[*] {'ev': 'armed'}
[*] {'ev': 'file', 'path': '/dev/__properties__/u:object_r:aac_drc_prop:s0', 'via': 'access'}
[*] {'ev': 'file', 'path': '/data/user/0/viva.republica.toss/shared_prefs/TOSS_INIT.xml', 'via': 'access'}
[*] {'ev': 'file', 'path': '/apex/com.android.conscrypt/cacerts/c22fea38.0', 'via': 'access'}
[*] {'ev': 'file', 'path': '/dev/__properties__/u:object_r:aaudio_config_prop:s0', 'via': 'access'}
[*] {'ev': 'file', 'path': '/dev/__properties__/u:object_r:ab_update_gki_prop:s0', 'via': 'access'}
[*] {'ev': 'file', 'path': '/dev/__properties__/u:object_r:adaptive_haptics_prop:s0', 'via': 'access'}
[*] {'ev': 'file', 'path': '/dev/__properties__/u:object_r:adbd_config_prop:s0', 'via': 'access'}
[*] {'ev': 'file', 'path': '/dev/__properties__/u:object_r:adbd_prop:s0', 'via': 'access'}
[*] {'ev': 'file', 'path': '/dev/__properties__/u:object_r:adbd_tradeinmode_prop:s0', 'via': 'access'}
[*] {'ev': 'file', 'path': '/dev/__properties__/u:object_r:apex_ready_prop:s0', 'via': 'access'}
[*] {'ev': 'file', 'path': '/dev/__properties__/u:object_r:apexd_config_prop:s0', 'via': 'access'}
[*] {'ev': 'file', 'path': '/dev/__properties__/u:object_r:apexd_payload_metadata_prop:s0', 'via': 'access'}
[*] {'ev': 'file', 'path': '/dev/__properties__/u:object_r:apexd_prop:s0', 'via': 'access'}
[*] {'ev': 'propfind', 'name': 'persist.log.tag.FragmentManager', 'found': False}
[*] {'ev': 'propfind', 'name': 'log.tag.FragmentManager', 'found': False}
[*] {'ev': 'file', 'path': '/dev/__properties__/u:object_r:apexd_select_prop:s0', 'via': 'access'}
[*] {'ev': 'file', 'path': '/dev/__properties__/u:object_r:apk_verity_prop:s0', 'via': 'access'}
[*] {'ev': 'file', 'path': '/dev/__properties__/u:object_r:arm64_memtag_prop:s0', 'via': 'access'}
[*] {'ev': 'file', 'path': '/dev/__properties__/u:object_r:audio_config_prop:s0', 'via': 'access'}
[*] {'ev': 'file', 'path': '/apex/com.android.conscrypt/cacerts/d32dabf0.0', 'via': 'access'}
[*] {'ev': 'file', 'path': '/data/user/0/viva.republica.toss/databases', 'via': 'access'}
[*] {'ev': 'propfind', 'name': 'debug.sqlite.journalmode', 'found': False}
[*] {'ev': 'file', 'path': '/dev/__properties__/u:object_r:audio_prop:s0', 'via': 'access'}
[*] {'ev': 'file', 'path': '/dev/__properties__/u:object_r:avf_virtualizationservice_prop:s0', 'via': 'access'}
[*] {'ev': 'file', 'path': '/dev/__properties__/u:object_r:binder_cache_bluetooth_server_prop:s0', 'via': 'access'}
[*] {'ev': 'file', 'path': '/dev/__properties__/u:object_r:binder_cache_telephony_server_prop:s0', 'via': 'access'}
[*] {'ev': 'file', 'path': '/dev/__properties__/u:object_r:bionic_linker_16kb_app_compat_prop:s0', 'via': 'access'}
[*] {'ev': 'file', 'path': '/dev/__properties__/u:object_r:bluetooth_a2dp_offload_prop:s0', 'via': 'access'}
[*] {'ev': 'file', 'path': '/dev/__properties__/u:object_r:bluetooth_audio_hal_prop:s0', 'via': 'access'}
[*] {'ev': 'file', 'path': '/dev/__properties__/u:object_r:bluetooth_config_prop:s0', 'via': 'access'}
[*] {'ev': 'file', 'path': '/dev/__properties__/u:object_r:bluetooth_finder_prop:s0', 'via': 'access'}
[*] {'ev': 'file', 'path': '/dev/__properties__/u:object_r:bluetooth_prop:s0', 'via': 'access'}
[*] {'ev': 'file', 'path': '/dev/__properties__/u:object_r:bootanim_config_prop:s0', 'via': 'access'}
[*] {'ev': 'file', 'path': '/dev/__properties__/u:object_r:bootanim_system_prop:s0', 'via': 'access'}
[*] {'ev': 'file', 'path': '/dev/__properties__/u:object_r:bootloader_boot_reason_prop:s0', 'via': 'access'}
[*] {'ev': 'file', 'path': '/dev/__properties__/u:object_r:boottime_prop:s0', 'via': 'access'}
[*] {'ev': 'propfind', 'name': 'debug.sqlite.pagesize', 'found': False}
[*] {'ev': 'propfind', 'name': 'debug.sqlite.syncmode', 'found': False}
[*] {'ev': 'propfind', 'name': 'debug.sqlite.journalsizelimit', 'found': False}
[*] {'ev': 'propfind', 'name': 'debug.sqlite.wal.autocheckpoint', 'found': False}
[*] {'ev': 'file', 'path': '/dev/__properties__/u:object_r:boottime_public_prop:s0', 'via': 'access'}
[*] {'ev': 'file', 'path': '/dev/__properties__/u:object_r:bpf_progs_loaded_prop:s0', 'via': 'access'}
[*] {'ev': 'file', 'path': '/dev/__properties__/u:object_r:build_bootimage_prop:s0', 'via': 'access'}
[*] {'ev': 'file', 'path': '/dev/__properties__/u:object_r:build_config_prop:s0', 'via': 'access'}
[*] {'ev': 'file', 'path': '/dev/__properties__/u:object_r:camera2_extensions_prop:s0', 'via': 'access'}
[*] {'ev': 'file', 'path': '/dev/__properties__/u:object_r:camera_calibration_prop:s0', 'via': 'access'}
[*] {'ev': 'file', 'path': '/dev/__properties__/u:object_r:camerax_extensions_prop:s0', 'via': 'access'}
[*] {'ev': 'file', 'path': '/dev/__properties__/u:object_r:charger_config_prop:s0', 'via': 'access'}
[*] {'ev': 'file', 'path': '/dev/__properties__/u:object_r:charger_prop:s0', 'via': 'access'}
[*] {'ev': 'file', 'path': '/dev/__properties__/u:object_r:charger_status_prop:s0', 'via': 'access'}
[*] {'ev': 'file', 'path': '/dev/__properties__/u:object_r:codec2_config_prop:s0', 'via': 'access'}
[*] {'ev': 'file', 'path': '/dev/__properties__/u:object_r:cold_boot_done_prop:s0', 'via': 'access'}
[*] {'ev': 'file', 'path': '/dev/__properties__/u:object_r:composd_vm_art_prop:s0', 'via': 'access'}
[*] {'ev': 'file', 'path': '/dev/__properties__/u:object_r:composd_vm_vendor_prop:s0', 'via': 'access'}
[*] {'ev': 'file', 'path': '/dev/__properties__/u:object_r:cppreopt_prop:s0', 'via': 'access'}
[*] {'ev': 'file', 'path': '/dev/__properties__/u:object_r:cpu_variant_prop:s0', 'via': 'access'}
[*] {'ev': 'file', 'path': '/dev/__properties__/u:object_r:crashrecovery_prop:s0', 'via': 'access'}
[*] {'ev': 'file', 'path': '/dev/__properties__/u:object_r:ctl_adbd_prop:s0', 'via': 'access'}
[*] {'ev': 'file', 'path': '/dev/__properties__/u:object_r:ctl_apex_load_prop:s0', 'via': 'access'}
[*] {'ev': 'file', 'path': '/dev/__properties__/u:object_r:ctl_apexd_prop:s0', 'via': 'access'}
[*] {'ev': 'file', 'path': '/dev/__properties__/u:object_r:ctl_artd_pre_reboot_prop:s0', 'via': 'access'}
[*] {'ev': 'file', 'path': '/dev/__properties__/u:object_r:ctl_bootanim_prop:s0', 'via': 'access'}
[*] {'ev': 'file', 'path': '/dev/__properties__/u:object_r:ctl_bugreport_prop:s0', 'via': 'access'}
[*] {'ev': 'file', 'path': '/dev/__properties__/u:object_r:ctl_console_prop:s0', 'via': 'access'}
[*] {'ev': 'file', 'path': '/dev/__properties__/u:object_r:ctl_default_prop:s0', 'via': 'access'}
[*] {'ev': 'file', 'path': '/dev/__properties__/u:object_r:ctl_dumpstate_prop:s0', 'via': 'access'}
[*] {'ev': 'file', 'path': '/dev/__properties__/u:object_r:ctl_fuse_prop:s0', 'via': 'access'}
[*] {'ev': 'file', 'path': '/dev/__properties__/u:object_r:ctl_gsid_prop:s0', 'via': 'access'}
[*] {'ev': 'file', 'path': '/dev/__properties__/u:object_r:ctl_interface_restart_prop:s0', 'via': 'access'}
[*] {'ev': 'file', 'path': '/dev/__properties__/u:object_r:ctl_interface_start_prop:s0', 'via': 'access'}
[*] {'ev': 'file', 'path': '/dev/__properties__/u:object_r:ctl_interface_stop_prop:s0', 'via': 'access'}
[*] {'ev': 'file', 'path': '/dev/__properties__/u:object_r:ctl_mdnsd_prop:s0', 'via': 'access'}
[*] {'ev': 'file', 'path': '/dev/__properties__/u:object_r:ctl_mediatranscoding_prop:s0', 'via': 'access'}
[*] {'ev': 'file', 'path': '/dev/__properties__/u:object_r:ctl_odsign_prop:s0', 'via': 'access'}
[*] {'ev': 'file', 'path': '/dev/__properties__/u:object_r:ctl_prefetch_prop:s0', 'via': 'access'}
[*] {'ev': 'file', 'path': '/dev/__properties__/u:object_r:ctl_restart_prop:s0', 'via': 'access'}
[*] {'ev': 'file', 'path': '/dev/__properties__/u:object_r:ctl_rildaemon_prop:s0', 'via': 'access'}
[*] {'ev': 'file', 'path': '/dev/__properties__/u:object_r:ctl_sigstop_prop:s0', 'via': 'access'}
[*] {'ev': 'file', 'path': '/dev/__properties__/u:object_r:ctl_snapuserd_prop:s0', 'via': 'access'}
[*] {'ev': 'file', 'path': '/dev/__properties__/u:object_r:ctl_start_prop:s0', 'via': 'access'}
[*] {'ev': 'file', 'path': '/dev/__properties__/u:object_r:ctl_stop_prop:s0', 'via': 'access'}
[*] {'ev': 'file', 'path': '/data/user/0/viva.republica.toss/files/logstore/logitems', 'via': 'access'}
[*] {'ev': 'file', 'path': '/dev/__properties__/u:object_r:ctl_uprobestats_prop:s0', 'via': 'access'}
[*] {'ev': 'file', 'path': '/apex/com.android.conscrypt/cacerts/c90bc37d.0', 'via': 'access'}
[*] {'ev': 'file', 'path': '/data/misc/user/0/cacerts-removed/c90bc37d.0', 'via': 'access'}
[*] {'ev': 'file', 'path': '/dev/__properties__/u:object_r:dalvik_prop:s0', 'via': 'access'}
[*] {'ev': 'file', 'path': '/dev/__properties__/u:object_r:dck_prop:s0', 'via': 'access'}
[*] {'ev': 'file', 'path': '/dev/__properties__/u:object_r:debug_tracing_desktop_mode_visible_tasks_prop:s0', 'via': 'access'}
[*] {'ev': 'file', 'path': '/dev/__properties__/u:object_r:debugfs_restriction_prop:s0', 'via': 'access'}
[*] {'ev': 'file', 'path': '/dev/__properties__/u:object_r:debuggerd_prop:s0', 'via': 'access'}
[*] {'ev': 'file', 'path': '/dev/__properties__/u:object_r:device_config_aconfig_flags_prop:s0', 'via': 'access'}
[*] {'ev': 'file', 'path': '/dev/__properties__/u:object_r:device_config_activity_manager_native_boot_prop:s0', 'via': 'access'}
[*] {'ev': 'file', 'path': '/dev/__properties__/u:object_r:device_config_boot_count_prop:s0', 'via': 'access'}
[*] {'ev': 'file', 'path': '/dev/__properties__/u:object_r:device_config_camera_native_prop:s0', 'via': 'access'}
[*] {'ev': 'file', 'path': '/dev/__properties__/u:object_r:device_config_configuration_prop:s0', 'via': 'access'}
[*] {'ev': 'file', 'path': '/dev/__properties__/u:object_r:device_config_connectivity_prop:s0', 'via': 'access'}
[*] {'ev': 'file', 'path': '/dev/__properties__/u:object_r:device_config_core_experiments_team_internal_prop:s0', 'via': 'access'}
[*] {'ev': 'file', 'path': '/dev/__properties__/u:object_r:device_config_edgetpu_native_prop:s0', 'via': 'access'}
[*] {'ev': 'file', 'path': '/dev/__properties__/u:object_r:device_config_input_native_boot_prop:s0', 'via': 'access'}
[*] {'ev': 'file', 'path': '/dev/__properties__/u:object_r:device_config_lmkd_native_prop:s0', 'via': 'access'}
[*] {'ev': 'file', 'path': '/dev/__properties__/u:object_r:device_config_media_native_prop:s0', 'via': 'access'}
[*] {'ev': 'file', 'path': '/dev/__properties__/u:object_r:device_config_memory_safety_native_boot_prop:s0', 'via': 'access'}
[*] {'ev': 'file', 'path': '/dev/__properties__/u:object_r:device_config_mglru_native_prop:s0', 'via': 'access'}
[*] {'ev': 'file', 'path': '/dev/__properties__/u:object_r:device_config_mmd_native_prop:s0', 'via': 'access'}
[*] {'ev': 'file', 'path': '/dev/__properties__/u:object_r:device_config_netd_native_prop:s0', 'via': 'access'}
[*] {'ev': 'file', 'path': '/dev/__properties__/u:object_r:device_config_nnapi_native_prop:s0', 'via': 'access'}
[*] {'ev': 'file', 'path': '/dev/__properties__/u:object_r:device_config_profcollect_native_boot_prop:s0', 'via': 'access'}
[*] {'ev': 'file', 'path': '/dev/__properties__/u:object_r:device_config_remote_key_provisioning_native_prop:s0', 'via': 'access'}
[*] {'ev': 'file', 'path': '/dev/__properties__/u:object_r:device_config_reset_performed_prop:s0', 'via': 'access'}
[*] {'ev': 'file', 'path': '/data/user/0/viva.republica.toss/databases/androidx.work.workdb', 'via': 'access'}
[*] {'ev': 'file', 'path': '/dev/__properties__/u:object_r:device_config_statsd_native_boot_prop:s0', 'via': 'access'}
[*] {'ev': 'file', 'path': '/dev/__properties__/u:object_r:device_config_statsd_native_prop:s0', 'via': 'access'}
[*] {'ev': 'file', 'path': '/dev/__properties__/u:object_r:device_config_storage_native_boot_prop:s0', 'via': 'access'}
[*] {'ev': 'file', 'path': '/dev/__properties__/u:object_r:device_config_surface_flinger_native_boot_prop:s0', 'via': 'access'}
[*] {'ev': 'file', 'path': '/dev/__properties__/u:object_r:device_config_swcodec_native_prop:s0', 'via': 'access'}
[*] {'ev': 'file', 'path': '/dev/__properties__/u:object_r:device_config_sys_traced_prop:s0', 'via': 'access'}
[*] {'ev': 'file', 'path': '/dev/__properties__/u:object_r:device_config_tethering_u_or_later_native_prop:s0', 'via': 'access'}
[*] {'ev': 'file', 'path': '/dev/__properties__/u:object_r:device_config_vendor_system_native_boot_prop:s0', 'via': 'access'}
[*] {'ev': 'file', 'path': '/dev/__properties__/u:object_r:device_config_vendor_system_native_prop:s0', 'via': 'access'}
[*] {'ev': 'file', 'path': '/dev/__properties__/u:object_r:device_config_virtualization_framework_native_prop:s0', 'via': 'access'}
[*] {'ev': 'file', 'path': '/dev/__properties__/u:object_r:device_config_window_manager_native_boot_prop:s0', 'via': 'access'}
[*] {'ev': 'file', 'path': '/dev/__properties__/u:object_r:device_logging_prop:s0', 'via': 'access'}
[*] {'ev': 'file', 'path': '/dev/__properties__/u:object_r:dhcp_prop:s0', 'via': 'access'}
[*] {'ev': 'file', 'path': '/dev/__properties__/u:object_r:dmesgd_start_prop:s0', 'via': 'access'}
[*] {'ev': 'file', 'path': '/dev/__properties__/u:object_r:drm_forcel3_prop:s0', 'via': 'access'}
[*] {'ev': 'file', 'path': '/dev/__properties__/u:object_r:drm_service_config_prop:s0', 'via': 'access'}
[*] {'ev': 'file', 'path': '/apex/com.android.conscrypt/cacerts/c90bc37d.1', 'via': 'access'}
[*] {'ev': 'file', 'path': '/data/user/0/viva.republica.toss/no_backup', 'via': 'access'}
[*] {'ev': 'file', 'path': '/data/user/0/viva.republica.toss/cache', 'via': 'access'}
[*] {'ev': 'file', 'path': '/data/user/0/viva.republica.toss/cache/data/user/0/viva.republica.toss/no_backup', 'via': 'access'}
[*] {'ev': 'file', 'path': '/dev/__properties__/u:object_r:dumpstate_options_prop:s0', 'via': 'access'}
[*] {'ev': 'file', 'path': '/dev/__properties__/u:object_r:dumpstate_prop:s0', 'via': 'access'}
[*] {'ev': 'file', 'path': '/dev/__properties__/u:object_r:dynamic_system_prop:s0', 'via': 'access'}
[*] {'ev': 'file', 'path': '/dev/__properties__/u:object_r:enable_16k_pages_prop:s0', 'via': 'access'}
[*] {'ev': 'propfind', 'name': 'debug.sqlite.wal.poolsize', 'found': False}
[*] {'ev': 'file', 'path': '/dev/__properties__/u:object_r:exported3_system_prop:s0', 'via': 'access'}
[*] {'ev': 'file', 'path': '/dev/__properties__/u:object_r:exported_bluetooth_prop:s0', 'via': 'access'}
[*] {'ev': 'file', 'path': '/dev/__properties__/u:object_r:exported_dumpstate_prop:s0', 'via': 'access'}
[*] {'ev': 'file', 'path': '/dev/__properties__/u:object_r:exported_overlay_prop:s0', 'via': 'access'}
[*] {'ev': 'file', 'path': '/dev/__properties__/u:object_r:exported_pm_prop:s0', 'via': 'access'}
[*] {'ev': 'file', 'path': '/dev/__properties__/u:object_r:exported_system_prop:s0', 'via': 'access'}
[*] {'ev': 'file', 'path': '/dev/__properties__/u:object_r:fastbootd_protocol_prop:s0', 'via': 'access'}
[*] {'ev': 'file', 'path': '/dev/__properties__/u:object_r:ffs_config_prop:s0', 'via': 'access'}
[*] {'ev': 'file', 'path': '/dev/__properties__/u:object_r:ffs_control_prop:s0', 'via': 'access'}
[*] {'ev': 'file', 'path': '/dev/__properties__/u:object_r:firstboot_prop:s0', 'via': 'access'}
[*] {'ev': 'file', 'path': '/dev/__properties__/u:object_r:framework_watchdog_config_prop:s0', 'via': 'access'}
[*] {'ev': 'file', 'path': '/dev/__properties__/u:object_r:fstype_prop:s0', 'via': 'access'}
[*] {'ev': 'file', 'path': '/dev/__properties__/u:object_r:future_pm_prop:s0', 'via': 'access'}
[*] {'ev': 'file', 'path': '/dev/__properties__/u:object_r:game_manager_config_prop:s0', 'via': 'access'}
[*] {'ev': 'file', 'path': '/dev/__properties__/u:object_r:gesture_prop:s0', 'via': 'access'}
[*] {'ev': 'file', 'path': '/dev/__properties__/u:object_r:gsid_prop:s0', 'via': 'access'}
[*] {'ev': 'file', 'path': '/dev/__properties__/u:object_r:hal_dumpstate_config_prop:s0', 'via': 'access'}
[*] {'ev': 'file', 'path': '/dev/__properties__/u:object_r:hal_instrumentation_prop:s0', 'via': 'access'}
[*] {'ev': 'file', 'path': '/dev/__properties__/u:object_r:heapprofd_enabled_prop:s0', 'via': 'access'}
[*] {'ev': 'file', 'path': '/dev/__properties__/u:object_r:hidl_memory_prop:s0', 'via': 'access'}
[*] {'ev': 'file', 'path': '/dev/__properties__/u:object_r:high_barometer_quality_prop:s0', 'via': 'access'}
[*] {'ev': 'file', 'path': '/dev/__properties__/u:object_r:hypervisor_prop:s0', 'via': 'access'}
[*] {'ev': 'file', 'path': '/dev/__properties__/u:object_r:hypervisor_pvmfw_prop:s0', 'via': 'access'}
[*] {'ev': 'file', 'path': '/dev/__properties__/u:object_r:hypervisor_restricted_prop:s0', 'via': 'access'}
[*] {'ev': 'propfind', 'name': 'debug.sqlite.wal.truncatesize', 'found': False}
[*] {'ev': 'propfind', 'name': 'debug.sqlite.wal.syncmode', 'found': False}
[*] {'ev': 'file', 'path': '/dev/__properties__/u:object_r:hypervisor_virtualizationmanager_prop:s0', 'via': 'access'}
[*] {'ev': 'file', 'path': '/dev/__properties__/u:object_r:incremental_prop:s0', 'via': 'access'}
[*] {'ev': 'file', 'path': '/dev/__properties__/u:object_r:init_perf_lsm_hooks_prop:s0', 'via': 'access'}
[*] {'ev': 'file', 'path': '/dev/__properties__/u:object_r:init_service_status_private_prop:s0', 'via': 'access'}
[*] {'ev': 'file', 'path': '/dev/__properties__/u:object_r:init_storage_prop:s0', 'via': 'access'}
[*] {'ev': 'file', 'path': '/dev/__properties__/u:object_r:init_svc_debug_prop:s0', 'via': 'access'}
[*] {'ev': 'file', 'path': '/dev/__properties__/u:object_r:input_device_config_prop:s0', 'via': 'access'}
[*] {'ev': 'file', 'path': '/dev/__properties__/u:object_r:kcmdline_prop:s0', 'via': 'access'}
[*] {'ev': 'file', 'path': '/dev/__properties__/u:object_r:keyguard_config_prop:s0', 'via': 'access'}
[*] {'ev': 'file', 'path': '/dev/__properties__/u:object_r:keystore_config_prop:s0', 'via': 'access'}
[*] {'ev': 'file', 'path': '/dev/__properties__/u:object_r:keystore_crash_prop:s0', 'via': 'access'}
[*] {'ev': 'file', 'path': '/dev/__properties__/u:object_r:keystore_listen_prop:s0', 'via': 'access'}
[*] {'ev': 'file', 'path': '/dev/__properties__/u:object_r:last_boot_reason_prop:s0', 'via': 'access'}
[*] {'ev': 'file', 'path': '/dev/__properties__/u:object_r:llkd_prop:s0', 'via': 'access'}
[*] {'ev': 'file', 'path': '/dev/__properties__/u:object_r:lmkd_prop:s0', 'via': 'access'}
[*] {'ev': 'file', 'path': '/dev/__properties__/u:object_r:localization_prop:s0', 'via': 'access'}
[*] {'ev': 'file', 'path': '/dev/__properties__/u:object_r:logd_auditrate_prop:s0', 'via': 'access'}
[*] {'ev': 'file', 'path': '/dev/__properties__/u:object_r:logd_prop:s0', 'via': 'access'}
[*] {'ev': 'file', 'path': '/dev/__properties__/u:object_r:logpersistd_logging_prop:s0', 'via': 'access'}
[*] {'ev': 'file', 'path': '/dev/__properties__/u:object_r:lower_kptr_restrict_prop:s0', 'via': 'access'}
[*] {'ev': 'file', 'path': '/dev/__properties__/u:object_r:lowpan_prop:s0', 'via': 'access'}
[*] {'ev': 'file', 'path': '/dev/__properties__/u:object_r:lpdumpd_prop:s0', 'via': 'access'}
[*] {'ev': 'file', 'path': '/dev/__properties__/u:object_r:media_config_prop:s0', 'via': 'access'}
[*] {'ev': 'file', 'path': '/dev/__properties__/u:object_r:mediadrm_config_prop:s0', 'via': 'access'}
[*] {'ev': 'file', 'path': '/dev/__properties__/u:object_r:misctrl_prop:s0', 'via': 'access'}
[*] {'ev': 'file', 'path': '/dev/__properties__/u:object_r:mm_events_config_prop:s0', 'via': 'access'}
[*] {'ev': 'file', 'path': '/dev/__properties__/u:object_r:mmc_prop:s0', 'via': 'access'}
[*] {'ev': 'file', 'path': '/dev/__properties__/u:object_r:mmd_prop:s0', 'via': 'access'}
[*] {'ev': 'file', 'path': '/dev/__properties__/u:object_r:mock_ota_prop:s0', 'via': 'access'}
[*] {'ev': 'file', 'path': '/dev/__properties__/u:object_r:module_sdkextensions_prop:s0', 'via': 'access'}
[*] {'ev': 'file', 'path': '/dev/__properties__/u:object_r:net_464xlat_fromvendor_prop:s0', 'via': 'access'}
[*] {'ev': 'file', 'path': '/dev/__properties__/u:object_r:net_connectivity_prop:s0', 'via': 'access'}
[*] {'ev': 'file', 'path': '/dev/__properties__/u:object_r:net_dns_prop:s0', 'via': 'access'}
[*] {'ev': 'file', 'path': '/dev/__properties__/u:object_r:net_radio_prop:s0', 'via': 'access'}
[*] {'ev': 'file', 'path': '/dev/__properties__/u:object_r:netd_stable_secret_prop:s0', 'via': 'access'}
[*] {'ev': 'file', 'path': '/dev/__properties__/u:object_r:next_boot_prop:s0', 'via': 'access'}
[*] {'ev': 'file', 'path': '/dev/__properties__/u:object_r:nfc_prop:s0', 'via': 'access'}
[*] {'ev': 'file', 'path': '/dev/__properties__/u:object_r:nnapi_ext_deny_product_prop:s0', 'via': 'access'}
[*] {'ev': 'file', 'path': '/dev/__properties__/u:object_r:oem_unlock_prop:s0', 'via': 'access'}
[*] {'ev': 'file', 'path': '/dev/__properties__/u:object_r:ota_build_prop:s0', 'via': 'access'}
[*] {'ev': 'file', 'path': '/dev/__properties__/u:object_r:ota_prop:s0', 'via': 'access'}
[*] {'ev': 'file', 'path': '/dev/__properties__/u:object_r:overlay_prop:s0', 'via': 'access'}
[*] {'ev': 'file', 'path': '/dev/__properties__/u:object_r:page_size_prop:s0', 'via': 'access'}
[*] {'ev': 'file', 'path': '/dev/__properties__/u:object_r:pan_result_prop:s0', 'via': 'access'}
[*] {'ev': 'file', 'path': '/dev/__properties__/u:object_r:perf_drop_caches_prop:s0', 'via': 'access'}
[*] {'ev': 'file', 'path': '/dev/__properties__/u:object_r:permissive_mte_prop:s0', 'via': 'access'}
[*] {'ev': 'file', 'path': '/dev/__properties__/u:object_r:persist_sysui_builder_extras_prop:s0', 'via': 'access'}
[*] {'ev': 'file', 'path': '/dev/__properties__/u:object_r:persist_sysui_ranking_update_prop:s0', 'via': 'access'}
[*] {'ev': 'file', 'path': '/dev/__properties__/u:object_r:persist_vendor_debug_wifi_prop:s0', 'via': 'access'}
[*] {'ev': 'file', 'path': '/dev/__properties__/u:object_r:persistent_properties_ready_prop:s0', 'via': 'access'}
[*] {'ev': 'file', 'path': '/dev/__properties__/u:object_r:pm_16kb_app_compat_prop:s0', 'via': 'access'}
[*] {'ev': 'file', 'path': '/dev/__properties__/u:object_r:pm_prop:s0', 'via': 'access'}
[*] {'ev': 'file', 'path': '/dev/__properties__/u:object_r:power_debug_prop:s0', 'via': 'access'}
[*] {'ev': 'file', 'path': '/dev/__properties__/u:object_r:powerctl_prop:s0', 'via': 'access'}
[*] {'ev': 'file', 'path': '/dev/__properties__/u:object_r:prefetch_boot_prop:s0', 'via': 'access'}
[*] {'ev': 'file', 'path': '/dev/__properties__/u:object_r:prefetch_service_prop:s0', 'via': 'access'}
[*] {'ev': 'file', 'path': '/dev/__properties__/u:object_r:profcollectd_etr_prop:s0', 'via': 'access'}
[*] {'ev': 'file', 'path': '/dev/__properties__/u:object_r:profcollectd_node_id_prop:s0', 'via': 'access'}
[*] {'ev': 'file', 'path': '/dev/__properties__/u:object_r:property_service_version_prop:s0', 'via': 'access'}
[*] {'ev': 'file', 'path': '/dev/__properties__/u:object_r:provisioned_prop:s0', 'via': 'access'}
[*] {'ev': 'file', 'path': '/dev/__properties__/u:object_r:qemu_hw_prop:s0', 'via': 'access'}
[*] {'ev': 'file', 'path': '/apex/com.android.conscrypt/cacerts/699337f0.0', 'via': 'access'}
[*] {'ev': 'file', 'path': '/data/user/0/viva.republica.toss/shared_prefs/com.google.android.gms.measurement.prefs.xml', 'via': 'access'}
[*] {'ev': 'file', 'path': '/data/user/0/viva.republica.toss/shared_prefs/com.google.android.gms.measurement.prefs.xml.bak', 'via': 'access'}
[*] {'ev': 'file', 'path': '/dev/__properties__/u:object_r:quick_start_prop:s0', 'via': 'access'}
[*] {'ev': 'file', 'path': '/dev/__properties__/u:object_r:radio_cdma_ecm_prop:s0', 'via': 'access'}
[*] {'ev': 'file', 'path': '/dev/__properties__/u:object_r:radio_control_prop:s0', 'via': 'access'}
[*] {'ev': 'file', 'path': '/dev/__properties__/u:object_r:rebootescrow_hal_prop:s0', 'via': 'access'}
[*] {'ev': 'file', 'path': '/dev/__properties__/u:object_r:recovery_config_prop:s0', 'via': 'access'}
[*] {'ev': 'file', 'path': '/dev/__properties__/u:object_r:recovery_usb_config_prop:s0', 'via': 'access'}
[*] {'ev': 'file', 'path': '/dev/__properties__/u:object_r:remote_prov_cert_prop:s0', 'via': 'access'}
[*] {'ev': 'file', 'path': '/dev/__properties__/u:object_r:remote_prov_prop:s0', 'via': 'access'}
[*] {'ev': 'file', 'path': '/dev/__properties__/u:object_r:restorecon_prop:s0', 'via': 'access'}
[*] {'ev': 'file', 'path': '/dev/__properties__/u:object_r:retaildemo_prop:s0', 'via': 'access'}
[*] {'ev': 'file', 'path': '/dev/__properties__/u:object_r:rollback_test_prop:s0', 'via': 'access'}
[*] {'ev': 'file', 'path': '/dev/__properties__/u:object_r:safemode_prop:s0', 'via': 'access'}
[*] {'ev': 'file', 'path': '/dev/__properties__/u:object_r:sendbug_config_prop:s0', 'via': 'access'}
[*] {'ev': 'file', 'path': '/dev/__properties__/u:object_r:sensors_config_prop:s0', 'via': 'access'}
[*] {'ev': 'file', 'path': '/dev/__properties__/u:object_r:serialno_prop:s0', 'via': 'access'}
[*] {'ev': 'file', 'path': '/dev/__properties__/u:object_r:setupwizard_mode_prop:s0', 'via': 'access'}
[*] {'ev': 'file', 'path': '/dev/__properties__/u:object_r:setupwizard_prop:s0', 'via': 'access'}
[*] {'ev': 'file', 'path': '/dev/__properties__/u:object_r:shell_prop:s0', 'via': 'access'}
[*] {'ev': 'file', 'path': '/dev/__properties__/u:object_r:smart_idle_maint_enabled_prop:s0', 'via': 'access'}
[*] {'ev': 'file', 'path': '/dev/__properties__/u:object_r:snapshotctl_prop:s0', 'via': 'access'}
[*] {'ev': 'file', 'path': '/dev/__properties__/u:object_r:snapuserd_prop:s0', 'via': 'access'}
[*] {'ev': 'file', 'path': '/dev/__properties__/u:object_r:socket_hook_prop:s0', 'via': 'access'}
[*] {'ev': 'file', 'path': '/dev/__properties__/u:object_r:storage_config_prop:s0', 'via': 'access'}
[*] {'ev': 'file', 'path': '/dev/__properties__/u:object_r:storagemanager_config_prop:s0', 'via': 'access'}
[*] {'ev': 'file', 'path': '/dev/__properties__/u:object_r:surfaceflinger_color_prop:s0', 'via': 'access'}
[*] {'ev': 'file', 'path': '/dev/__properties__/u:object_r:surfaceflinger_display_prop:s0', 'via': 'access'}
[*] {'ev': 'file', 'path': '/dev/__properties__/u:object_r:suspend_debug_prop:s0', 'via': 'access'}
[*] {'ev': 'file', 'path': '/dev/__properties__/u:object_r:suspend_prop:s0', 'via': 'access'}
[*] {'ev': 'file', 'path': '/dev/__properties__/u:object_r:system_adbd_prop:s0', 'via': 'access'}
[*] {'ev': 'file', 'path': '/dev/__properties__/u:object_r:system_audio_config_prop:s0', 'via': 'access'}
[*] {'ev': 'file', 'path': '/dev/__properties__/u:object_r:system_boot_reason_prop:s0', 'via': 'access'}
[*] {'ev': 'file', 'path': '/dev/__properties__/u:object_r:system_jvmti_agent_prop:s0', 'via': 'access'}
[*] {'ev': 'file', 'path': '/dev/__properties__/u:object_r:system_lmk_prop:s0', 'via': 'access'}
[*] {'ev': 'file', 'path': '/dev/__properties__/u:object_r:system_service_enable_prop:s0', 'via': 'access'}
[*] {'ev': 'file', 'path': '/dev/__properties__/u:object_r:system_trace_prop:s0', 'via': 'access'}
[*] {'ev': 'file', 'path': '/dev/__properties__/u:object_r:system_user_mode_emulation_prop:s0', 'via': 'access'}
[*] {'ev': 'file', 'path': '/dev/__properties__/u:object_r:systemsound_config_prop:s0', 'via': 'access'}
[*] {'ev': 'file', 'path': '/dev/__properties__/u:object_r:telephony_status_prop:s0', 'via': 'access'}
[*] {'ev': 'file', 'path': '/dev/__properties__/u:object_r:test_boot_reason_prop:s0', 'via': 'access'}
[*] {'ev': 'file', 'path': '/dev/__properties__/u:object_r:test_harness_prop:s0', 'via': 'access'}
[*] {'ev': 'file', 'path': '/dev/__properties__/u:object_r:theme_prop:s0', 'via': 'access'}
[*] {'ev': 'file', 'path': '/dev/__properties__/u:object_r:threadnetwork_config_prop:s0', 'via': 'access'}
[*] {'ev': 'file', 'path': '/dev/__properties__/u:object_r:time_prop:s0', 'via': 'access'}
[*] {'ev': 'file', 'path': '/dev/__properties__/u:object_r:timezone_metadata_prop:s0', 'via': 'access'}
[*] {'ev': 'file', 'path': '/dev/__properties__/u:object_r:tombstone_config_prop:s0', 'via': 'access'}
[*] {'ev': 'file', 'path': '/dev/__properties__/u:object_r:traced_enabled_prop:s0', 'via': 'access'}
[*] {'ev': 'file', 'path': '/dev/__properties__/u:object_r:traced_lazy_prop:s0', 'via': 'access'}
[*] {'ev': 'file', 'path': '/data/user/0/viva.republica.toss/files', 'via': 'access'}
[*] {'ev': 'file', 'path': '/dev/__properties__/u:object_r:traced_oome_heap_session_count_prop:s0', 'via': 'access'}
[*] {'ev': 'file', 'path': '/dev/__properties__/u:object_r:traced_perf_enabled_prop:s0', 'via': 'access'}
[*] {'ev': 'file', 'path': '/dev/__properties__/u:object_r:trusty_security_vm_sys_prop:s0', 'via': 'access'}
[*] {'ev': 'file', 'path': '/dev/__properties__/u:object_r:trusty_security_vm_sys_vendor_prop:s0', 'via': 'access'}
[*] {'ev': 'file', 'path': '/dev/__properties__/u:object_r:tuner_config_prop:s0', 'via': 'access'}
[*] {'ev': 'file', 'path': '/dev/__properties__/u:object_r:tuner_server_ctl_prop:s0', 'via': 'access'}
[*] {'ev': 'file', 'path': '/dev/__properties__/u:object_r:uprobestats_start_with_config_prop:s0', 'via': 'access'}
[*] {'ev': 'file', 'path': '/dev/__properties__/u:object_r:usb_config_prop:s0', 'via': 'access'}
[*] {'ev': 'file', 'path': '/dev/__properties__/u:object_r:usb_control_prop:s0', 'via': 'access'}
[*] {'ev': 'file', 'path': '/dev/__properties__/u:object_r:usb_prop:s0', 'via': 'access'}
[*] {'ev': 'file', 'path': '/dev/__properties__/u:object_r:usb_uvc_enabled_prop:s0', 'via': 'access'}
[*] {'ev': 'file', 'path': '/dev/__properties__/u:object_r:userspace_reboot_config_prop:s0', 'via': 'access'}
[*] {'ev': 'file', 'path': '/dev/__properties__/u:object_r:userspace_reboot_exported_prop:s0', 'via': 'access'}
[*] {'ev': 'file', 'path': '/dev/__properties__/u:object_r:userspace_reboot_log_prop:s0', 'via': 'access'}
[*] {'ev': 'file', 'path': '/dev/__properties__/u:object_r:userspace_reboot_test_prop:s0', 'via': 'access'}
[*] {'ev': 'file', 'path': '/dev/__properties__/u:object_r:vehicle_hal_prop:s0', 'via': 'access'}
[*] {'ev': 'file', 'path': '/dev/__properties__/u:object_r:vendor_default_prop:s0', 'via': 'access'}
[*] {'ev': 'file', 'path': '/dev/__properties__/u:object_r:vendor_security_patch_level_prop:s0', 'via': 'access'}
[*] {'ev': 'file', 'path': '/dev/__properties__/u:object_r:verity_status_prop:s0', 'via': 'access'}
[*] {'ev': 'file', 'path': '/dev/__properties__/u:object_r:virtual_ab_prop:s0', 'via': 'access'}
[*] {'ev': 'file', 'path': '/dev/__properties__/u:object_r:virtual_face_prop:s0', 'via': 'access'}
[*] {'ev': 'file', 'path': '/dev/__properties__/u:object_r:virtual_fingerprint_prop:s0', 'via': 'access'}
[*] {'ev': 'file', 'path': '/dev/__properties__/u:object_r:virtualizationservice_prop:s0', 'via': 'access'}
[*] {'ev': 'file', 'path': '/dev/__properties__/u:object_r:vold_config_prop:s0', 'via': 'access'}
[*] {'ev': 'file', 'path': '/dev/__properties__/u:object_r:vold_post_fs_data_prop:s0', 'via': 'access'}
[*] {'ev': 'file', 'path': '/dev/__properties__/u:object_r:vold_prop:s0', 'via': 'access'}
[*] {'ev': 'file', 'path': '/dev/__properties__/u:object_r:vts_config_prop:s0', 'via': 'access'}
[*] {'ev': 'file', 'path': '/dev/__properties__/u:object_r:vts_status_prop:s0', 'via': 'access'}
[*] {'ev': 'file', 'path': '/dev/__properties__/u:object_r:wifi_config_prop:s0', 'via': 'access'}
[*] {'ev': 'file', 'path': '/dev/__properties__/u:object_r:wifi_hal_prop:s0', 'via': 'access'}
[*] {'ev': 'file', 'path': '/dev/__properties__/u:object_r:wifi_log_prop:s0', 'via': 'access'}
[*] {'ev': 'file', 'path': '/dev/__properties__/u:object_r:wifi_prop:s0', 'via': 'access'}
[*] {'ev': 'file', 'path': '/dev/__properties__/u:object_r:zram_config_prop:s0', 'via': 'access'}
[*] {'ev': 'file', 'path': '/dev/__properties__/u:object_r:zram_control_prop:s0', 'via': 'access'}
[*] {'ev': 'propfind', 'name': 'persist.log.tag.FA', 'found': False}
[*] {'ev': 'propfind', 'name': 'log.tag.FA', 'found': False}
[*] {'ev': 'afed8', 'id': 0}
[*] {'ev': 'afed8', 'id': 0}
[*] {'ev': 'afed8', 'id': 0}
[*] {'ev': 'propfind', 'name': 'log.looper.10087.internal.slow', 'found': False}
[*] {'ev': 'propfind', 'name': 'persist.log.tag.SensorManager', 'found': False}
[*] {'ev': 'propfind', 'name': 'log.tag.SensorManager', 'found': False}
[*] {'ev': 'prop', 'name': 'media.avif.crabbyavif', 'val': '', 'ret': 0}
[*] {'ev': 'propfind', 'name': 'ro.appsflyer.preinstall.path', 'found': False}
[*] {'ev': 'file', 'path': '/data/local/tmp/pre_install.appsflyer', 'via': 'access'}
[*] {'ev': 'file', 'path': '/etc/pre_install.appsflyer', 'via': 'access'}
[*] {'ev': 'propfind', 'name': 'persist.log.tag.HWUI', 'found': False}
[*] {'ev': 'propfind', 'name': 'log.tag.HWUI', 'found': False}
[*] {'ev': 'propfind', 'name': 'persist.log.tag.CompatChangeReporter', 'found': False}
[*] {'ev': 'propfind', 'name': 'log.tag.CompatChangeReporter', 'found': False}
[*] {'ev': 'propfind', 'name': 'persist.log.tag.DeviceConfig', 'found': False}
[*] {'ev': 'propfind', 'name': 'log.tag.DeviceConfig', 'found': False}
[*] {'ev': 'propfind', 'name': 'ro.product.cpu.abi', 'found': True}
[*] {'ev': 'propfind', 'name': 'ro.product.cpu.abi2', 'found': False}
[*] {'ev': 'propfind', 'name': 'os.arch', 'found': False}
[*] {'ev': 'propfind', 'name': 'ro.build.display.id', 'found': True}
[*] {'ev': 'propfind', 'name': 'persist.wm.debug.sc.tx.log_match_call', 'found': False}
[*] {'ev': 'propfind', 'name': 'persist.wm.debug.sc.tx.log_match_name', 'found': False}
[*] {'ev': 'propfind', 'name': 'persist.debug.vri_package', 'found': False}
[*] {'ev': 'propfind', 'name': 'debug.layout', 'found': False}
[*] {'ev': 'propfind', 'name': 'persist.debug.input.force_enable_stylus_pointer_icon', 'found': False}
[*] {'ev': 'file', 'path': '/data/user/0/viva.republica.toss/shared_prefs/TOSS_PLAIN.xml', 'via': 'access'}
[*] {'ev': 'file', 'path': '/data/user/0/viva.republica.toss/shared_prefs/appsflyer-data.xml', 'via': 'access'}
[*] {'ev': 'file', 'path': '/data/user/0/viva.republica.toss/shared_prefs/appsflyer-data.xml.bak', 'via': 'access'}
[*] {'ev': 'file', 'path': '/data/user/0/viva.republica.toss/cache/bugsnag/sessions', 'via': 'access'}
[*] {'ev': 'propfind', 'name': 'gsm.sim.operator.alpha', 'found': False}
[*] {'ev': 'afed8', 'id': 0}
[*] {'ev': 'propfind', 'name': 'gsm.operator.alpha', 'found': False}
[*] {'ev': 'propfind', 'name': 'ro.vendor.api_level', 'found': True}
[*] {'ev': 'propfind', 'name': 'gsm.current.phone-type', 'found': False}
[*] {'ev': 'propfind', 'name': 'ro.telephony.default_network', 'found': False}
[*] {'ev': 'file', 'path': '/data/user/0/viva.republica.toss/code_cache', 'via': 'access'}
[*] {'ev': 'file', 'path': '/data/user/0/viva.republica.toss/shared_prefs/viva.republica.toss_preferences.xml', 'via': 'access'}
[*] {'ev': 'file', 'path': '/data/user/0/viva.republica.toss/shared_prefs/viva.republica.toss_preferences.xml.bak', 'via': 'access'}
[*] {'ev': 'prop', 'name': 'ro.input.resampling', 'val': '', 'ret': 0}
[*] {'ev': 'file', 'path': '/apex/com.android.conscrypt/cacerts/d0b0e437.0', 'via': 'access'}
[*] {'ev': 'propfind', 'name': 'framework.pause_bg_animations.enabled', 'found': False}
[*] {'ev': 'file', 'path': '/apex/com.android.conscrypt/cacerts/5daa1f53.0', 'via': 'access'}
[*] {'ev': 'file', 'path': '/apex/com.android.conscrypt/cacerts/fd08c599.0', 'via': 'access'}
[*] {'ev': 'file', 'path': '/data/misc/user/0/cacerts-removed/fd08c599.0', 'via': 'access'}
[*] {'ev': 'file', 'path': '/apex/com.android.conscrypt/cacerts/fd08c599.1', 'via': 'access'}
[*] {'ev': 'afed8', 'id': 0}
[*] {'ev': 'afed8', 'id': 0}
[*] {'ev': 'file', 'path': '/apex/com.android.conscrypt/cacerts/7f76941e.0', 'via': 'access'}
[*] {'ev': 'afed8', 'id': 0}
[*] {'ev': 'afed8', 'id': 0}
[*] {'ev': 'afed8', 'id': 0}
[*] {'ev': 'propfind', 'name': 'viewroot.profile_rendering', 'found': False}
[*] {'ev': 'propfind', 'name': 'debug.hwui.overdraw', 'found': False}
[*] {'ev': 'propfind', 'name': 'debug.hwui.profile', 'found': False}
[*] {'ev': 'propfind', 'name': 'debug.hwui.show_layers_updates', 'found': False}
[*] {'ev': 'propfind', 'name': 'debug.hwui.show_dirty_regions', 'found': False}
[*] {'ev': 'propfind', 'name': 'debug.hwui.level', 'found': False}
[*] {'ev': 'propfind', 'name': 'debug.hwui.skip_empty_damage', 'found': False}
[*] {'ev': 'propfind', 'name': 'debug.hwui.use_buffer_age', 'found': False}
[*] {'ev': 'propfind', 'name': 'debug.hwui.use_partial_updates', 'found': False}
[*] {'ev': 'propfind', 'name': 'debug.hwui.filter_test_overhead', 'found': False}
[*] {'ev': 'propfind', 'name': 'debug.hwui.capture_skp_enabled', 'found': False}
[*] {'ev': 'propfind', 'name': 'debug.hwui.skia_tracing_enabled', 'found': True}
[*] {'ev': 'propfind', 'name': 'debug.hwui.skia_use_perfetto_track_events', 'found': True}
[*] {'ev': 'propfind', 'name': 'debug.hwui.trace_gpu_resources', 'found': False}
[*] {'ev': 'propfind', 'name': 'ro.boot.qemu', 'found': False}
[*] {'ev': 'propfind', 'name': 'debug.hwui.use_hint_manager', 'found': False}
[*] {'ev': 'propfind', 'name': 'debug.hwui.target_cpu_time_percent', 'found': False}
[*] {'ev': 'propfind', 'name': 'debug.hwui.webview_overlays_enabled', 'found': False}
[*] {'ev': 'propfind', 'name': 'debug.hwui.8bit_hdr_headroom', 'found': False}
[*] {'ev': 'propfind', 'name': 'debug.hwui.clip_surfaceviews', 'found': False}
[*] {'ev': 'propfind', 'name': 'ro.hw_timeout_multiplier', 'found': False}
[*] {'ev': 'propfind', 'name': 'debug.hwui.skip_eglmanager_telemetry', 'found': False}
[*] {'ev': 'file', 'path': '/sys/kernel/debug/tracing/current_tracer', 'via': 'access'}
[*] {'ev': 'file', 'path': '/proc/sys/kernel/ftrace_enabled', 'via': 'access'}
[*] {'ev': 'propfind', 'name': 'debug.gles.layers', 'found': False}
[*] {'ev': 'propfind', 'name': 'debug.angle.validation', 'found': False}
[*] {'ev': 'file', 'path': '/sys/kernel/debug/tracing/tracing_on', 'via': 'access'}
[*] {'ev': 'propfind', 'name': 'angle.dump_pipeline_cache_graph', 'found': False}
[*] {'ev': 'propfind', 'name': 'angle.pipeline_cache_graph_dump_path', 'found': False}
[*] {'ev': 'propfind', 'name': 'ro.vulkan.apex', 'found': False}
[*] {'ev': 'propfind', 'name': 'ro.hardware.vulkan', 'found': True}
[*] {'ev': 'file', 'path': '/data/user/0/viva.republica.toss/app_webview/Default', 'via': 'access'}
[*] {'ev': 'prop', 'name': 'ro.arch', 'val': '', 'ret': 0}
[*] {'ev': 'propfind', 'name': 'persist.log.tag', 'found': False}
[*] {'ev': 'propfind', 'name': 'log.tag', 'found': False}
[*] {'ev': 'afed8', 'id': 0}
[*] {'ev': 'afed8', 'id': 0}
[*] {'ev': 'afed8', 'id': 0}
[*] {'ev': 'afed8', 'id': 0}
[*] {'ev': 'afed8', 'id': 0}
[*] {'ev': 'afed8', 'id': 0}
[*] {'ev': 'afed8', 'id': 0}
[*] {'ev': 'afed8', 'id': 0}
[*] {'ev': 'afed8', 'id': 0}
[*] {'ev': 'afed8', 'id': 0}
[*] {'ev': 'propfind', 'name': 'log.looper.10087.SurfaceSyncGroupTimer.slow', 'found': False}
[*] {'ev': 'file', 'path': '/data/user/0/viva.republica.toss/files/AFRequestCache/OtherCache', 'via': 'access'}
[*] {'ev': 'file', 'path': '/data/user/0/viva.republica.toss/files/AFRequestCache/ConversionsCache', 'via': 'access'}
[*] {'ev': 'file', 'path': '/data/user/0/viva.republica.toss/files/AFRequestCache/AttrCache', 'via': 'access'}
[*] {'ev': 'propfind', 'name': 'persist.log.tag.vulkan', 'found': False}
[*] {'ev': 'propfind', 'name': 'log.tag.vulkan', 'found': False}
[*] {'ev': 'prop', 'name': 'ro.product.model', 'val': 'redroid15_arm64_only', 'ret': 20}
[*] {'ev': 'prop', 'name': 'debug.vulkan.layers', 'val': '', 'ret': 0}
[*] {'ev': 'propfind', 'name': 'debug.vulkan.layer.0', 'found': False}
[*] {'ev': 'afed8', 'id': 0}
[*] {'ev': 'propfind', 'name': 'debug.vulkan.layer.1', 'found': False}
[*] {'ev': 'propfind', 'name': 'debug.vulkan.layer.2', 'found': False}
[*] {'ev': 'propfind', 'name': 'debug.vulkan.layer.3', 'found': False}
[*] {'ev': 'propfind', 'name': 'debug.vulkan.layer.4', 'found': False}
[*] {'ev': 'propfind', 'name': 'debug.vulkan.layer.5', 'found': False}
[*] {'ev': 'propfind', 'name': 'debug.vulkan.layer.6', 'found': False}
[*] {'ev': 'propfind', 'name': 'debug.vulkan.layer.7', 'found': False}
[*] {'ev': 'propfind', 'name': 'debug.vulkan.layer.8', 'found': False}
[*] {'ev': 'propfind', 'name': 'debug.vulkan.layer.9', 'found': False}
[*] {'ev': 'prop', 'name': 'debug.vulkan.enable_callback', 'val': '', 'ret': 0}
[*] {'ev': 'propfind', 'name': 'persist.log.tag.libEGL', 'found': False}
[*] {'ev': 'propfind', 'name': 'log.tag.libEGL', 'found': False}
[*] {'ev': 'propfind', 'name': 'ro.surface_flinger.has_HDR_display', 'found': False}
[*] {'ev': 'propfind', 'name': 'persist.log.tag.ConfigStore', 'found': False}
[*] {'ev': 'propfind', 'name': 'log.tag.ConfigStore', 'found': False}
[*] {'ev': 'propfind', 'name': 'service.sf.present_timestamp', 'found': True}
[*] {'ev': 'propfind', 'name': 'persist.log.tag.SwiftShader', 'found': False}
[*] {'ev': 'propfind', 'name': 'log.tag.SwiftShader', 'found': False}
[*] {'ev': 'propfind', 'name': 'debug.angle.feature_overrides_enabled', 'found': False}
[*] {'ev': 'propfind', 'name': 'debug.angle.feature_overrides_disabled', 'found': False}
[*] {'ev': 'afed8', 'id': 0}
[*] {'ev': 'propfind', 'name': 'debug.angle.markers', 'found': False}
[*] {'ev': 'prop', 'name': 'ro.build.version.sdk', 'val': '35', 'ret': 2}
[*] {'ev': 'prop', 'name': 'ro.build.version.codename', 'val': 'REL', 'ret': 3}
[*] {'ev': 'afed8', 'id': 0}
[*] {'ev': 'afed8', 'id': 0}
[*] {'ev': 'propfind', 'name': 'persist.log.tag.Gralloc4', 'found': False}
[*] {'ev': 'propfind', 'name': 'log.tag.Gralloc4', 'found': False}
[*] {'ev': 'propfind', 'name': 'persist.log.tag.Gralloc3', 'found': False}
[*] {'ev': 'propfind', 'name': 'log.tag.Gralloc3', 'found': False}
[*] {'ev': 'file', 'path': '/system_ext/bin/hwservicemanager', 'via': 'access'}
[*] {'ev': 'propfind', 'name': 'hwservicemanager.disabled', 'found': False}
[*] {'ev': 'propfind', 'name': 'hwservicemanager.ready', 'found': True}
[*] {'ev': 'prop', 'name': 'ro.hardware.gralloc', 'val': 'redroid', 'ret': 7}
[*] {'ev': 'file', 'path': '/vendor/lib64/hw/gralloc.redroid.so', 'via': 'access'}
[*] {'ev': 'propfind', 'name': 'persist.log.tag.HidlServiceManagement', 'found': False}
[*] {'ev': 'propfind', 'name': 'log.tag.HidlServiceManagement', 'found': False}
[*] {'ev': 'propfind', 'name': 'persist.log.tag.GraphicBufferAllocator', 'found': False}
[*] {'ev': 'propfind', 'name': 'log.tag.GraphicBufferAllocator', 'found': False}
[*] {'ev': 'propfind', 'name': 'persist.log.tag.AHardwareBuffer', 'found': False}
[*] {'ev': 'propfind', 'name': 'log.tag.AHardwareBuffer', 'found': False}
[*] {'ev': 'afed8', 'id': 0}
[*] {'ev': 'propfind', 'name': 'persist.log.tag.ANGLE', 'found': False}
[*] {'ev': 'propfind', 'name': 'log.tag.ANGLE', 'found': False}
[*] {'ev': 'propfind', 'name': 'ro.surface_flinger.has_wide_color_display', 'found': False}
[*] {'ev': 'propfind', 'name': 'debug.egl.finish', 'found': False}
[*] {'ev': 'propfind', 'name': 'debug.egl.traceGpuCompletion', 'found': False}
[*] {'ev': 'propfind', 'name': 'debug.egl.force_msaa', 'found': False}
[*] {'ev': 'afed8', 'id': 0}
[*] {'ev': 'propfind', 'name': 'debug.angle.gl_renderer', 'found': False}
[*] {'ev': 'propfind', 'name': 'debug.angle.gl_vendor', 'found': False}
[*] {'ev': 'afed8', 'id': 0}
[*] {'ev': 'afed8', 'id': 0}
[*] {'ev': 'propfind', 'name': 'renderthread.skia.reduceopstasksplitting', 'found': False}
[*] {'ev': 'propfind', 'name': 'ro.build.id', 'found': True}
[*] {'ev': 'afed8', 'id': 0}
[*] {'ev': 'afed8', 'id': 0}
[*] {'ev': 'afed8', 'id': 0}
[*] {'ev': 'afed8', 'id': 0}
[*] {'ev': 'afed8', 'id': 0}
[*] {'ev': 'afed8', 'id': 0}
[*] {'ev': 'afed8', 'id': 0}
[*] {'ev': 'afed8', 'id': 0}
[*] {'ev': 'afed8', 'id': 0}
[*] {'ev': 'afed8', 'id': 0}
[*] {'ev': 'afed8', 'id': 0}
[*] {'ev': 'afed8', 'id': 0}
[*] {'ev': 'afed8', 'id': 0}
[*] {'ev': 'file', 'path': '/data/user/0/viva.republica.toss/shared_prefs', 'via': 'access'}
[*] {'ev': 'file', 'path': '/data/user/0/viva.republica.toss/shared_prefs/pedometer.xml.bak', 'via': 'access'}
[*] {'ev': 'file', 'path': '/data/user/0/viva.republica.toss/shared_prefs/pedometer.xml', 'via': 'access'}
[*] {'ev': 'afed8', 'id': 0}
[*] {'ev': 'propfind', 'name': 'persist.log.tag.SplashScreenView', 'found': False}
[*] {'ev': 'propfind', 'name': 'log.tag.SplashScreenView', 'found': False}
[*] {'ev': 'afed8', 'id': 0}
[*] {'ev': 'afed8', 'id': 0}
[*] {'ev': 'afed8', 'id': 0}
[*] {'ev': 'afed8', 'id': 0}
[*] {'ev': 'file', 'path': '/data/user/0/viva.republica.toss/databases/google_app_measurement.db', 'via': 'access'}
[*] {'ev': 'propfind', 'name': 'persist.log.tag.JobInfo', 'found': False}
[*] {'ev': 'propfind', 'name': 'log.tag.JobInfo', 'found': False}
[*] {'ev': 'propfind', 'name': 'persist.log.tag..republica.toss', 'found': False}
[*] {'ev': 'propfind', 'name': 'log.tag..republica.toss', 'found': False}
[*] {'ev': 'file', 'path': '/data/user/0/viva.republica.toss/databases/google_app_measurement_local.db', 'via': 'access'}
[*] {'ev': 'propfind', 'name': 'ro.egl.blobcache.multifile', 'found': False}
[*] {'ev': 'propfind', 'name': 'debug.egl.blobcache.multifile', 'found': False}
[*] {'ev': 'afed8', 'id': 4}
[*] {'ev': 'file', 'path': '/data/user/0/viva.republica.toss/files/redirection_app_landing_logs.json', 'via': 'access'}
[*] {'ev': 'propfind', 'name': 'persist.log.tag.Ads', 'found': False}
[*] {'ev': 'propfind', 'name': 'log.tag.Ads', 'found': False}
[*] {'ev': 'file', 'path': '/data/user/0/viva.republica.toss/shared_prefs/google_ads_flags.xml.bak', 'via': 'access'}
[*] {'ev': 'file', 'path': '/data/user/0/viva.republica.toss/shared_prefs/google_ads_flags.xml', 'via': 'access'}
[*] {'ev': 'file', 'path': '/data/user/0/viva.republica.toss/shared_prefs/admob_user_agent.xml.bak', 'via': 'access'}
[*] {'ev': 'file', 'path': '/data/user/0/viva.republica.toss/shared_prefs/admob_user_agent.xml', 'via': 'access'}
[*] {'ev': 'file', 'path': '/data/user/0/viva.republica.toss/shared_prefs/admob.xml.bak', 'via': 'access'}
[*] {'ev': 'file', 'path': '/data/user/0/viva.republica.toss/shared_prefs/admob.xml', 'via': 'access'}
[*] {'ev': 'file', 'path': '/data/user/0/viva.republica.toss/files/AFRequestCache', 'via': 'access'}
[*] {'ev': 'file', 'path': '/data/user/0/viva.republica.toss/files/AFRequestCache/ConversionsCache/1790685328890', 'via': 'access'}
[*] {'ev': 'file', 'path': '/data/user/0/viva.republica.toss/files/AFRequestCache/AttrCache/1790685328890', 'via': 'access'}
[*] {'ev': 'file', 'path': '/data/user/0/viva.republica.toss/files/AFRequestCache/OtherCache/1790685328890', 'via': 'access'}
[*] {'ev': 'file', 'path': '/data/user/0/viva.republica.toss/shared_prefs/mobileads_consent.xml.bak', 'via': 'access'}
[*] {'ev': 'file', 'path': '/data/user/0/viva.republica.toss/shared_prefs/mobileads_consent.xml', 'via': 'access'}
[*] {'ev': 'file', 'path': '/data/user/0/viva.republica.toss/shared_prefs/com.facebook.internal.preferences.APP_GATEKEEPERS.xml', 'via': 'access'}
[*] {'ev': 'propfind', 'name': 'debug.firebase.analytics.app', 'found': False}
[*] {'ev': 'file', 'path': '/data/user/0/viva.republica.toss/shared_prefs/com.facebook.internal.preferences.APP_SETTINGS.xml', 'via': 'access'}
[*] {'ev': 'propfind', 'name': 'persist.log.tag.GoogleApiManager', 'found': False}
[*] {'ev': 'propfind', 'name': 'log.tag.GoogleApiManager', 'found': False}
[*] {'ev': 'file', 'path': '/data/user/0/viva.republica.toss/shared_prefs/app_set_id_storage.xml', 'via': 'access'}
[*] {'ev': 'file', 'path': '/data/user/0/viva.republica.toss/shared_prefs/app_set_id_storage.xml.bak', 'via': 'access'}
[*] {'ev': 'file', 'path': '/data/user/0/viva.republica.toss/cache/instrument', 'via': 'access'}
[*] {'ev': 'propfind', 'name': 'persist.log.tag.cr_VariationsUtils', 'found': False}
[*] {'ev': 'propfind', 'name': 'log.tag.cr_VariationsUtils', 'found': False}
[*] {'ev': 'propfind', 'name': 'persist.log.tag.cr_CombinedPProvider', 'found': False}
[*] {'ev': 'propfind', 'name': 'log.tag.cr_CombinedPProvider', 'found': False}
[*] {'ev': 'propfind', 'name': 'persist.log.tag.cr_PolicyProvider', 'found': False}
[*] {'ev': 'propfind', 'name': 'log.tag.cr_PolicyProvider', 'found': False}
[*] {'ev': 'propfind', 'name': 'log.looper.10087.Chrome_ProcessLauncherThread.slow', 'found': False}
[*] {'ev': 'file', 'path': '/data/local/chrome-trace-config.json', 'via': 'access'}
[*] {'ev': 'file', 'path': '/data/user/0/viva.republica.toss/cache/libviva-arm64-v8a-527600.so', 'via': 'access'}
[*] {'ev': 'file', 'path': '/data/app/~~AP0zqkvGxB4R1OMpQD_w8Q==/viva.republica.toss-AAEeY06KkKvBi0DDpbVYAA==/lib/arm64/libchrome_crashpad_handler.so', 'via': 'access'}
[*] {'ev': 'propfind', 'name': 'persist.log.tag.cr_AppResProvider', 'found': False}
[*] {'ev': 'propfind', 'name': 'log.tag.cr_AppResProvider', 'found': False}
[*] {'ev': 'file', 'path': '/data/user/0/viva.republica.toss/app_webview', 'via': 'access'}
[*] {'ev': 'file', 'path': '/data/user/0/viva.republica.toss/app_webview/BrowserMetrics', 'via': 'access'}
[*] {'ev': 'file', 'path': '/data/user/0/viva.republica.toss/app_webview/BrowserMetrics/BrowserMetrics-6ABBB091-1CD7.pma', 'via': 'access'}
[*] {'ev': 'propfind', 'name': 'log.looper.10087.pag_init_handle.slow', 'found': False}
[*] {'ev': 'file', 'path': '/data/user/0/viva.republica.toss/shared_prefs/pag_sp_bad_par.xml.bak', 'via': 'access'}
[*] {'ev': 'file', 'path': '/data/user/0/viva.republica.toss/shared_prefs/pag_sp_bad_par.xml', 'via': 'access'}
[*] {'ev': 'file', 'path': '/data/user/0/viva.republica.toss/cache/WebView/SafeBrowsing', 'via': 'access'}
[*] {'ev': 'file', 'path': '/data/user/0/viva.republica.toss/cache/WebView/Crashpad', 'via': 'access'}
[*] {'ev': 'prop', 'name': 'ro.product.cpu.abilist32', 'val': '', 'ret': 0}
[*] {'ev': 'prop', 'name': 'ro.product.cpu.abilist64', 'val': 'arm64-v8a', 'ret': 9}
[*] {'ev': 'file', 'path': '/data/user/0/viva.republica.toss/cache/WebView', 'via': 'access'}
[*] {'ev': 'file', 'path': '/data/user/0/viva.republica.toss/shared_prefs/pag_adn_strategy_center.xml.bak', 'via': 'access'}
[*] {'ev': 'file', 'path': '/data/user/0/viva.republica.toss/shared_prefs/pag_adn_strategy_center.xml', 'via': 'access'}
[*] {'ev': 'file', 'path': '/data/user/0/viva.republica.toss/files/sp_compliance_file.bak', 'via': 'access'}
[*] {'ev': 'file', 'path': '/data/user/0/viva.republica.toss/files/sp_compliance_file', 'via': 'access'}
[*] {'ev': 'propfind', 'name': 'debug.force_rtl', 'found': True}
[*] {'ev': 'file', 'path': '/data/user/0/viva.republica.toss/cache/org.chromium.android_webview', 'via': 'access'}
[*] {'ev': 'file', 'path': '/data/user/0/viva.republica.toss/app_webview/Web Data', 'via': 'access'}
[*] {'ev': 'file', 'path': '/data/user/0/viva.republica.toss/app_webview/Web Data-journal', 'via': 'access'}
[*] {'ev': 'file', 'path': '/data/user/0/viva.republica.toss/app_webview/GPUCache', 'via': 'access'}
[*] {'ev': 'file', 'path': '/data/user/0/viva.republica.toss/app_webview/blob_storage', 'via': 'access'}
[*] {'ev': 'file', 'path': '/data/user/0/viva.republica.toss/app_webview/Session Storage', 'via': 'access'}
[*] {'ev': 'file', 'path': '/data/user/0/viva.republica.toss/app_webview/File System', 'via': 'access'}
[*] {'ev': 'file', 'path': '/data/user/0/viva.republica.toss/app_webview/IndexedDB', 'via': 'access'}
[*] {'ev': 'file', 'path': '/data/user/0/viva.republica.toss/app_webview/Local Storage', 'via': 'access'}
[*] {'ev': 'file', 'path': '/data/user/0/viva.republica.toss/app_webview/QuotaManager', 'via': 'access'}
[*] {'ev': 'file', 'path': '/data/user/0/viva.republica.toss/app_webview/QuotaManager-journal', 'via': 'access'}
[*] {'ev': 'file', 'path': '/data/user/0/viva.republica.toss/app_webview/Service Worker', 'via': 'access'}
[*] {'ev': 'file', 'path': '/data/user/0/viva.republica.toss/app_webview/VideoDecodeStats', 'via': 'access'}
[*] {'ev': 'file', 'path': '/data/user/0/viva.republica.toss/app_webview/databases', 'via': 'access'}
[*] {'ev': 'file', 'path': '/data/user/0/viva.republica.toss/app_webview/shared_proto_db', 'via': 'access'}
[*] {'ev': 'file', 'path': '/data/user/0/viva.republica.toss/app_webview/webrtc_event_logs', 'via': 'access'}
[*] {'ev': 'file', 'path': '/data/user/0/viva.republica.toss/app_webview/Default/Preferences', 'via': 'access'}
[*] {'ev': 'propfind', 'name': 'ro.build.version.sdk', 'found': True}
[*] {'ev': 'file', 'path': '/data/user/0/viva.republica.toss/files/tt_sdk_settings_sr.prop', 'via': 'access'}
[*] {'ev': 'file', 'path': '/data/user/0/viva.republica.toss/files/tt_set_apm.prop', 'via': 'access'}
[*] {'ev': 'file', 'path': '/apex/com.android.conscrypt/cacerts/3ff04771.0', 'via': 'access'}
[*] {'ev': 'prop', 'name': 'ro.build.version.release', 'val': '15', 'ret': 2}
[*] {'ev': 'prop', 'name': 'ro.build.id', 'val': 'BP1A.250505.005.D1', 'ret': 18}
[*] {'ev': 'file', 'path': '/system/etc/hosts', 'via': 'access'}
[*] {'ev': 'file', 'path': '/data/user/0/viva.republica.toss/app_webview/Default/Local Storage/leveldb__tmp_for_rebuild', 'via': 'access'}
[*] {'ev': 'file', 'path': '/data/user/0/viva.republica.toss/app_webview/Default/Local Storage/leveldb/LOG', 'via': 'access'}
[*] {'ev': 'file', 'path': '/data/user/0/viva.republica.toss/app_webview/Default/Local Storage/leveldb/CURRENT', 'via': 'access'}
[*] {'ev': 'file', 'path': '/data/user/0/viva.republica.toss/app_webview/Default/Platform Notifications', 'via': 'access'}
[*] {'ev': 'file', 'path': '/data/user/0/viva.republica.toss/files/ttopenadsdk.bak', 'via': 'access'}
[*] {'ev': 'file', 'path': '/data/user/0/viva.republica.toss/files/ttopenadsdk', 'via': 'access'}
[*] {'ev': 'propfind', 'name': 'log.looper.10087.queued-work-looper.slow', 'found': False}
[*] {'ev': 'file', 'path': '/data/user/0/viva.republica.toss/files/sp_global_file.bak', 'via': 'access'}
[*] {'ev': 'file', 'path': '/data/user/0/viva.republica.toss/files/sp_global_file', 'via': 'access'}
[*] {'ev': 'file', 'path': '/data/data/viva.republica.toss', 'via': 'access'}
[*] {'ev': 'file', 'path': '/system/bin/su', 'via': 'access'}
[*] {'ev': 'file', 'path': '/system/xbin/su', 'via': 'access'}
[*] {'ev': 'propfind', 'name': 'persist.log.tag.nativeloader', 'found': False}
[*] {'ev': 'propfind', 'name': 'log.tag.nativeloader', 'found': False}
[*] {'ev': 'file', 'path': '/data/user/0/viva.republica.toss/files/sp_global_app_id.bak', 'via': 'access'}
[*] {'ev': 'file', 'path': '/data/user/0/viva.republica.toss/files/sp_global_app_id', 'via': 'access'}
[*] {'ev': 'file', 'path': '/data/user/0/viva.republica.toss/files/tpl_fetch_model.bak', 'via': 'access'}
[*] {'ev': 'file', 'path': '/data/user/0/viva.republica.toss/files/tpl_fetch_model', 'via': 'access'}
[*] {'ev': 'file', 'path': '/data/app/~~AP0zqkvGxB4R1OMpQD_w8Q==/viva.republica.toss-AAEeY06KkKvBi0DDpbVYAA==/lib/arm64/libapminsightb.so', 'via': 'access'}
[*] {'ev': 'file', 'path': '/data/user/0/viva.republica.toss/files/tt_sp.bak', 'via': 'access'}
[*] {'ev': 'file', 'path': '/data/user/0/viva.republica.toss/files/tt_sp', 'via': 'access'}
[*] {'ev': 'propfind', 'name': 'persist.log.tag.cr_media', 'found': False}
[*] {'ev': 'propfind', 'name': 'log.tag.cr_media', 'found': False}
[*] {'ev': 'propfind', 'name': 'build.version.extensions.r', 'found': True}
[*] {'ev': 'propfind', 'name': 'build.version.extensions.s', 'found': True}
[*] {'ev': 'propfind', 'name': 'build.version.extensions.t', 'found': True}
[*] {'ev': 'propfind', 'name': 'build.version.extensions.u', 'found': True}
[*] {'ev': 'propfind', 'name': 'build.version.extensions.v', 'found': True}
[*] {'ev': 'propfind', 'name': 'build.version.extensions.ad_services', 'found': True}
[*] {'ev': 'propfind', 'name': 'debug.adservices.low_ram_device', 'found': False}
[*] {'ev': 'propfind', 'name': 'debug.adservices.binder_timeout', 'found': False}
[*] {'ev': 'propfind', 'name': 'persist.log.tag.adservices', 'found': False}
[*] {'ev': 'propfind', 'name': 'log.tag.adservices', 'found': False}
[*] {'ev': 'prop', 'name': 'persist.vmos.root.enable', 'val': '', 'ret': 0}
[*] {'ev': 'propfind', 'name': 'ro.dalvik.vm.native.bridge', 'found': True}
[*] {'ev': 'propfind', 'name': 'log.looper.10087.csj_log.slow', 'found': False}
[*] {'ev': 'file', 'path': '/data/user/0/viva.republica.toss/app_webview/Default/Local Storage/leveldb/003782.dbtmp', 'via': 'access'}
[*] {'ev': 'file', 'path': '/data/user/0/viva.republica.toss/cache/WebView/Default/HTTP Cache/Code Cache/webui_js', 'via': 'access'}
[*] {'ev': 'file', 'path': '/data/user/0/viva.republica.toss/cache/WebView/Default/HTTP Cache/Code Cache/js', 'via': 'access'}
[*] {'ev': 'file', 'path': '/data/user/0/viva.republica.toss/cache/WebView/Default/HTTP Cache/Code Cache/wasm', 'via': 'access'}
[*] {'ev': 'file', 'path': '/data/user/0/viva.republica.toss/app_webview/Default/Shared Dictionary/cache', 'via': 'access'}
[*] {'ev': 'file', 'path': '/data/user/0/viva.republica.toss/app_webview/Default/Shared Dictionary', 'via': 'access'}
[*] {'ev': 'file', 'path': '/data/user/0/viva.republica.toss/cache/WebView/Default/HTTP Cache/Code Cache/webui_js/index-dir/the-real-index', 'via': 'access'}
[*] {'ev': 'file', 'path': '/data/user/0/viva.republica.toss/app_webview/Default/PersistentOriginTrials__tmp_for_rebuild', 'via': 'access'}
[*] {'ev': 'file', 'path': '/data/user/0/viva.republica.toss/app_webview/Default/PersistentOriginTrials/LOG', 'via': 'access'}
[*] {'ev': 'file', 'path': '/data/user/0/viva.republica.toss/app_webview/Default/PersistentOriginTrials/CURRENT', 'via': 'access'}
[*] {'ev': 'file', 'path': '/data/user/0/viva.republica.toss/cache/WebView/Default/HTTP Cache/Code Cache/js/index-dir/the-real-index', 'via': 'access'}
[*] {'ev': 'file', 'path': '/data/user/0/viva.republica.toss/cache/WebView/Default/HTTP Cache/Code Cache/wasm/index-dir/the-real-index', 'via': 'access'}
[*] {'ev': 'file', 'path': '/data/user/0/viva.republica.toss/app_webview/Default/Shared Dictionary/cache/index-dir/the-real-index', 'via': 'access'}
[*] {'ev': 'file', 'path': '/data/user/0/viva.republica.toss/app_webview/Default/Service Worker/Database/CURRENT', 'via': 'access'}
[*] {'ev': 'propfind', 'name': 'persist.log.tag.Configuration', 'found': False}
[*] {'ev': 'propfind', 'name': 'log.tag.Configuration', 'found': False}
[*] {'ev': 'propfind', 'name': 'log.looper.10087.default_npth_thread.slow', 'found': False}
[*] {'ev': 'propfind', 'name': 'log.looper.10087.csj_ad_log.slow', 'found': False}
[*] {'ev': 'file', 'path': '/data/user/0/viva.republica.toss/shared_prefs/ss_config.xml.bak', 'via': 'access'}
[*] {'ev': 'file', 'path': '/data/user/0/viva.republica.toss/shared_prefs/ss_config.xml', 'via': 'access'}
[*] {'ev': 'file', 'path': '/data/user/0/viva.republica.toss/shared_prefs/WebViewProfilePrefsDefault.xml.bak', 'via': 'access'}
[*] {'ev': 'file', 'path': '/data/user/0/viva.republica.toss/shared_prefs/WebViewProfilePrefsDefault.xml', 'via': 'access'}
[!!!] session detached: reason=process-terminated crash=None
[+] 45s elapsed, detaching
